---
source: tui/src/bottom_pane/provider_wizard.rs
expression: "render_snapshot(&view, 34)"
---
Buffer {
    area: Rect { x: 0, y: 0, width: 34, height: 16 },
    content: [
        "                                  ",
        "  ◆ Configure SiliconFlow         ",
        "  (China)   [REMOTE]              ",
        "                                  ",
        "    API key     sk-s…-key         ",
        "  › models      deepseek-ai/  sp  ",
        "                DeepSeek-         ",
        "                V3,deepseek-ai/   ",
        "                DeepSeek-         ",
        "                R1,Qwen/Qwen3-    ",
        "                Coder-480B-A35B-  ",
        "                Instruct          ",
        "                                  ",
        "                                  ",
        "                                  ",
        "up/down navigate · enter save · sp",
    ],
    styles: [
        x: 0, y: 0, fg: Reset, bg: Reset, underline: Reset, modifier: NONE,
        x: 2, y: 1, fg: Green, bg: Reset, underline: Reset, modifier: BOLD,
        x: 4, y: 1, fg: Reset, bg: Reset, underline: Reset, modifier: BOLD,
        x: 25, y: 1, fg: Reset, bg: Reset, underline: Reset, modifier: NONE,
        x: 2, y: 2, fg: Reset, bg: Reset, underline: Reset, modifier: BOLD,
        x: 9, y: 2, fg: Reset, bg: Reset, underline: Reset, modifier: NONE,
        x: 12, y: 2, fg: Reset, bg: Reset, underline: Reset, modifier: DIM,
        x: 13, y: 2, fg: Green, bg: Reset, underline: Reset, modifier: BOLD,
        x: 19, y: 2, fg: Reset, bg: Reset, underline: Reset, modifier: DIM,
        x: 20, y: 2, fg: Reset, bg: Reset, underline: Reset, modifier: NONE,
        x: 4, y: 4, fg: Reset, bg: Reset, underline: Reset, modifier: DIM,
        x: 16, y: 4, fg: Reset, bg: Reset, underline: Reset, modifier: NONE,
        x: 2, y: 5, fg: Cyan, bg: Reset, underline: Reset, modifier: BOLD,
        x: 3, y: 5, fg: Reset, bg: Reset, underline: Reset, modifier: NONE,
        x: 4, y: 5, fg: Reset, bg: Reset, underline: Reset, modifier: DIM,
        x: 16, y: 5, fg: Cyan, bg: Reset, underline: Reset, modifier: BOLD,
        x: 28, y: 5, fg: Cyan, bg: Reset, underline: Reset, modifier: DIM,
        x: 32, y: 5, fg: Reset, bg: Reset, underline: Reset, modifier: NONE,
        x: 4, y: 6, fg: Reset, bg: Reset, underline: Reset, modifier: DIM,
        x: 16, y: 6, fg: Cyan, bg: Reset, underline: Reset, modifier: BOLD,
        x: 25, y: 6, fg: Reset, bg: Reset, underline: Reset, modifier: NONE,
        x: 4, y: 7, fg: Reset, bg: Reset, underline: Reset, modifier: DIM,
        x: 16, y: 7, fg: Cyan, bg: Reset, underline: Reset, modifier: BOLD,
        x: 31, y: 7, fg: Reset, bg: Reset, underline: Reset, modifier: NONE,
        x: 4, y: 8, fg: Reset, bg: Reset, underline: Reset, modifier: DIM,
        x: 16, y: 8, fg: Cyan, bg: Reset, underline: Reset, modifier: BOLD,
        x: 25, y: 8, fg: Reset, bg: Reset, underline: Reset, modifier: NONE,
        x: 4, y: 9, fg: Reset, bg: Reset, underline: Reset, modifier: DIM,
        x: 16, y: 9, fg: Cyan, bg: Reset, underline: Reset, modifier: BOLD,
        x: 30, y: 9, fg: Reset, bg: Reset, underline: Reset, modifier: NONE,
        x: 4, y: 10, fg: Reset, bg: Reset, underline: Reset, modifier: DIM,
        x: 16, y: 10, fg: Cyan, bg: Reset, underline: Reset, modifier: BOLD,
        x: 32, y: 10, fg: Reset, bg: Reset, underline: Reset, modifier: NONE,
        x: 4, y: 11, fg: Reset, bg: Reset, underline: Reset, modifier: DIM,
        x: 16, y: 11, fg: Cyan, bg: Reset, underline: Reset, modifier: BOLD,
        x: 24, y: 11, fg: Reset, bg: Reset, underline: Reset, modifier: NONE,
        x: 0, y: 15, fg: Cyan, bg: Reset, underline: Reset, modifier: DIM,
        x: 7, y: 15, fg: Reset, bg: Reset, underline: Reset, modifier: DIM,
        x: 19, y: 15, fg: Cyan, bg: Reset, underline: Reset, modifier: DIM,
        x: 24, y: 15, fg: Reset, bg: Reset, underline: Reset, modifier: DIM,
        x: 32, y: 15, fg: Cyan, bg: Reset, underline: Reset, modifier: DIM,
    ]
}
