---
source: tui/src/bottom_pane/provider_wizard.rs
expression: "render_snapshot(&view, 38)"
---
Buffer {
    area: Rect { x: 0, y: 0, width: 38, height: 23 },
    content: [
        "                                      ",
        "  ◆ Configure Very long custom        ",
        "  provider for local testing          ",
        "  [CUSTOM]                            ",
        "                                      ",
        "    name        Very long custom      ",
        "                provider for local    ",
        "                testing               ",
        "  › base_url    https://  space to e  ",
        "                gateway.example.inte  ",
        "                rnal/openai-          ",
        "                compatible/v1         ",
        "    env_key     CUSTOM_PROVIDER_API_  ",
        "                KEY                   ",
        "    API key     sk-c…-key             ",
        "    models      custom-chat-model-    ",
        "                with-a-long-          ",
        "                name[256k],custom-    ",
        "                reasoning-model[1m]   ",
        "                                      ",
        "                                      ",
        "                                      ",
        "up/down navigate · enter save · space ",
    ],
    styles: [
        x: 0, y: 0, fg: Reset, bg: Reset, underline: Reset, modifier: NONE,
        x: 2, y: 1, fg: Green, bg: Reset, underline: Reset, modifier: BOLD,
        x: 4, y: 1, fg: Reset, bg: Reset, underline: Reset, modifier: BOLD,
        x: 30, y: 1, fg: Reset, bg: Reset, underline: Reset, modifier: NONE,
        x: 2, y: 2, fg: Reset, bg: Reset, underline: Reset, modifier: BOLD,
        x: 28, y: 2, fg: Reset, bg: Reset, underline: Reset, modifier: NONE,
        x: 2, y: 3, fg: Reset, bg: Reset, underline: Reset, modifier: DIM,
        x: 3, y: 3, fg: Cyan, bg: Reset, underline: Reset, modifier: BOLD,
        x: 9, y: 3, fg: Reset, bg: Reset, underline: Reset, modifier: DIM,
        x: 10, y: 3, fg: Reset, bg: Reset, underline: Reset, modifier: NONE,
        x: 4, y: 5, fg: Reset, bg: Reset, underline: Reset, modifier: DIM,
        x: 16, y: 5, fg: Reset, bg: Reset, underline: Reset, modifier: NONE,
        x: 4, y: 6, fg: Reset, bg: Reset, underline: Reset, modifier: DIM,
        x: 16, y: 6, fg: Reset, bg: Reset, underline: Reset, modifier: NONE,
        x: 4, y: 7, fg: Reset, bg: Reset, underline: Reset, modifier: DIM,
        x: 16, y: 7, fg: Reset, bg: Reset, underline: Reset, modifier: NONE,
        x: 2, y: 8, fg: Cyan, bg: Reset, underline: Reset, modifier: BOLD,
        x: 3, y: 8, fg: Reset, bg: Reset, underline: Reset, modifier: NONE,
        x: 4, y: 8, fg: Reset, bg: Reset, underline: Reset, modifier: DIM,
        x: 16, y: 8, fg: Cyan, bg: Reset, underline: Reset, modifier: BOLD,
        x: 24, y: 8, fg: Cyan, bg: Reset, underline: Reset, modifier: DIM,
        x: 36, y: 8, fg: Reset, bg: Reset, underline: Reset, modifier: NONE,
        x: 4, y: 9, fg: Reset, bg: Reset, underline: Reset, modifier: DIM,
        x: 16, y: 9, fg: Cyan, bg: Reset, underline: Reset, modifier: BOLD,
        x: 36, y: 9, fg: Reset, bg: Reset, underline: Reset, modifier: NONE,
        x: 4, y: 10, fg: Reset, bg: Reset, underline: Reset, modifier: DIM,
        x: 16, y: 10, fg: Cyan, bg: Reset, underline: Reset, modifier: BOLD,
        x: 28, y: 10, fg: Reset, bg: Reset, underline: Reset, modifier: NONE,
        x: 4, y: 11, fg: Reset, bg: Reset, underline: Reset, modifier: DIM,
        x: 16, y: 11, fg: Cyan, bg: Reset, underline: Reset, modifier: BOLD,
        x: 29, y: 11, fg: Reset, bg: Reset, underline: Reset, modifier: NONE,
        x: 4, y: 12, fg: Reset, bg: Reset, underline: Reset, modifier: DIM,
        x: 16, y: 12, fg: Reset, bg: Reset, underline: Reset, modifier: NONE,
        x: 4, y: 13, fg: Reset, bg: Reset, underline: Reset, modifier: DIM,
        x: 16, y: 13, fg: Reset, bg: Reset, underline: Reset, modifier: NONE,
        x: 4, y: 14, fg: Reset, bg: Reset, underline: Reset, modifier: DIM,
        x: 16, y: 14, fg: Reset, bg: Reset, underline: Reset, modifier: NONE,
        x: 4, y: 15, fg: Reset, bg: Reset, underline: Reset, modifier: DIM,
        x: 16, y: 15, fg: Reset, bg: Reset, underline: Reset, modifier: NONE,
        x: 4, y: 16, fg: Reset, bg: Reset, underline: Reset, modifier: DIM,
        x: 16, y: 16, fg: Reset, bg: Reset, underline: Reset, modifier: NONE,
        x: 4, y: 17, fg: Reset, bg: Reset, underline: Reset, modifier: DIM,
        x: 16, y: 17, fg: Reset, bg: Reset, underline: Reset, modifier: NONE,
        x: 4, y: 18, fg: Reset, bg: Reset, underline: Reset, modifier: DIM,
        x: 16, y: 18, fg: Reset, bg: Reset, underline: Reset, modifier: NONE,
        x: 0, y: 22, fg: Cyan, bg: Reset, underline: Reset, modifier: DIM,
        x: 7, y: 22, fg: Reset, bg: Reset, underline: Reset, modifier: DIM,
        x: 19, y: 22, fg: Cyan, bg: Reset, underline: Reset, modifier: DIM,
        x: 24, y: 22, fg: Reset, bg: Reset, underline: Reset, modifier: DIM,
        x: 32, y: 22, fg: Cyan, bg: Reset, underline: Reset, modifier: DIM,
        x: 37, y: 22, fg: Reset, bg: Reset, underline: Reset, modifier: DIM,
    ]
}
