---
source: tui/src/bottom_pane/provider_wizard.rs
expression: "render_snapshot(&view, 34)"
---
Buffer {
    area: Rect { x: 0, y: 0, width: 34, height: 11 },
    content: [
        "                                  ",
        "  ◆ Edit models                   ",
        "                                  ",
        "  › deepseek-ai/DeepSeek-         ",
        "    V3,deepseek-ai/DeepSeek-      ",
        "    R1,Qwen/Qwen3-Coder-480B-     ",
        "    A35B-Instruct                 ",
        "                                  ",
        "  Format: name[context],name2[ct  ",
        "                                  ",
        "enter save · esc cancel           ",
    ],
    styles: [
        x: 0, y: 0, fg: Reset, bg: Reset, underline: Reset, modifier: NONE,
        x: 2, y: 1, fg: Green, bg: Reset, underline: Reset, modifier: BOLD,
        x: 4, y: 1, fg: Reset, bg: Reset, underline: Reset, modifier: BOLD,
        x: 15, y: 1, fg: Reset, bg: Reset, underline: Reset, modifier: NONE,
        x: 2, y: 3, fg: Reset, bg: Reset, underline: Reset, modifier: BOLD,
        x: 4, y: 3, fg: Reset, bg: Reset, underline: Reset, modifier: NONE,
        x: 2, y: 8, fg: Reset, bg: Reset, underline: Reset, modifier: DIM | ITALIC,
        x: 32, y: 8, fg: Reset, bg: Reset, underline: Reset, modifier: NONE,
        x: 0, y: 10, fg: Cyan, bg: Reset, underline: Reset, modifier: DIM,
        x: 5, y: 10, fg: Reset, bg: Reset, underline: Reset, modifier: DIM,
        x: 13, y: 10, fg: Cyan, bg: Reset, underline: Reset, modifier: DIM,
        x: 16, y: 10, fg: Reset, bg: Reset, underline: Reset, modifier: DIM,
    ]
}
