---
source: tui/src/onboarding/custom_provider.rs
assertion_line: 303
expression: "render_snapshot(&cp, 62, 20)"
---
Buffer {
    area: Rect { x: 0, y: 0, width: 62, height: 20 },
    content: [
        "┌ ✦ OpenAgere ───────────────────────────────────────────────┐",
        "│                                                            │",
        "│  Create custom provider  Required fields first             │",
        "│  ────────────────────────────────────────────────────────  │",
        "│                                                            │",
        "│    name        ready     my-provider                       │",
        "│  › base_url    ready     https://gateway.example.com/      │",
        "│                          openai-compatible/v1              │",
        "│    wire_api    selected  ● Responses  ○ Chat  ○ Anthropic  │",
        "│    API key     ready     sk-c…-key                         │",
        "│    models      ready     custom-chat-model[256k],custom-   │",
        "│                          reasoning-model[1m]               │",
        "│                                                            │",
        "│    hint  ready  e.g. https://api.openai.com/v1             │",
        "│                                                            │",
        "│                                                            │",
        "│                                                            │",
        "│                                                            │",
        "│                                                            │",
        "└────────────────────────────────────────────────────────────┘",
    ],
    styles: [
        x: 0, y: 0, fg: Reset, bg: Reset, underline: Reset, modifier: DIM,
        x: 2, y: 0, fg: Green, bg: Reset, underline: Reset, modifier: BOLD | DIM,
        x: 13, y: 0, fg: Reset, bg: Reset, underline: Reset, modifier: DIM,
        x: 1, y: 1, fg: Reset, bg: Reset, underline: Reset, modifier: NONE,
        x: 61, y: 1, fg: Reset, bg: Reset, underline: Reset, modifier: DIM,
        x: 1, y: 2, fg: Reset, bg: Reset, underline: Reset, modifier: NONE,
        x: 27, y: 2, fg: Reset, bg: Reset, underline: Reset, modifier: DIM,
        x: 48, y: 2, fg: Reset, bg: Reset, underline: Reset, modifier: NONE,
        x: 61, y: 2, fg: Reset, bg: Reset, underline: Reset, modifier: DIM,
        x: 1, y: 3, fg: Reset, bg: Reset, underline: Reset, modifier: NONE,
        x: 3, y: 3, fg: Reset, bg: Reset, underline: Reset, modifier: DIM,
        x: 59, y: 3, fg: Reset, bg: Reset, underline: Reset, modifier: NONE,
        x: 61, y: 3, fg: Reset, bg: Reset, underline: Reset, modifier: DIM,
        x: 1, y: 4, fg: Reset, bg: Reset, underline: Reset, modifier: NONE,
        x: 61, y: 4, fg: Reset, bg: Reset, underline: Reset, modifier: DIM,
        x: 1, y: 5, fg: Reset, bg: Reset, underline: Reset, modifier: NONE,
        x: 17, y: 5, fg: Green, bg: Reset, underline: Reset, modifier: NONE,
        x: 25, y: 5, fg: Reset, bg: Reset, underline: Reset, modifier: NONE,
        x: 61, y: 5, fg: Reset, bg: Reset, underline: Reset, modifier: DIM,
        x: 1, y: 6, fg: Reset, bg: Reset, underline: Reset, modifier: NONE,
        x: 3, y: 6, fg: Cyan, bg: Reset, underline: Reset, modifier: BOLD,
        x: 4, y: 6, fg: Reset, bg: Reset, underline: Reset, modifier: NONE,
        x: 17, y: 6, fg: Green, bg: Reset, underline: Reset, modifier: NONE,
        x: 25, y: 6, fg: Reset, bg: Reset, underline: Reset, modifier: NONE,
        x: 27, y: 6, fg: Cyan, bg: Reset, underline: Reset, modifier: NONE,
        x: 55, y: 6, fg: Reset, bg: Reset, underline: Reset, modifier: NONE,
        x: 61, y: 6, fg: Reset, bg: Reset, underline: Reset, modifier: DIM,
        x: 1, y: 7, fg: Reset, bg: Reset, underline: Reset, modifier: NONE,
        x: 27, y: 7, fg: Cyan, bg: Reset, underline: Reset, modifier: NONE,
        x: 47, y: 7, fg: Reset, bg: Reset, underline: Reset, modifier: NONE,
        x: 61, y: 7, fg: Reset, bg: Reset, underline: Reset, modifier: DIM,
        x: 1, y: 8, fg: Reset, bg: Reset, underline: Reset, modifier: NONE,
        x: 17, y: 8, fg: Green, bg: Reset, underline: Reset, modifier: NONE,
        x: 25, y: 8, fg: Reset, bg: Reset, underline: Reset, modifier: NONE,
        x: 27, y: 8, fg: Cyan, bg: Reset, underline: Reset, modifier: BOLD,
        x: 28, y: 8, fg: Reset, bg: Reset, underline: Reset, modifier: NONE,
        x: 29, y: 8, fg: Cyan, bg: Reset, underline: Reset, modifier: NONE,
        x: 38, y: 8, fg: Reset, bg: Reset, underline: Reset, modifier: NONE,
        x: 40, y: 8, fg: Reset, bg: Reset, underline: Reset, modifier: DIM,
        x: 41, y: 8, fg: Reset, bg: Reset, underline: Reset, modifier: NONE,
        x: 42, y: 8, fg: Reset, bg: Reset, underline: Reset, modifier: DIM,
        x: 46, y: 8, fg: Reset, bg: Reset, underline: Reset, modifier: NONE,
        x: 48, y: 8, fg: Reset, bg: Reset, underline: Reset, modifier: DIM,
        x: 49, y: 8, fg: Reset, bg: Reset, underline: Reset, modifier: NONE,
        x: 50, y: 8, fg: Reset, bg: Reset, underline: Reset, modifier: DIM,
        x: 59, y: 8, fg: Reset, bg: Reset, underline: Reset, modifier: NONE,
        x: 61, y: 8, fg: Reset, bg: Reset, underline: Reset, modifier: DIM,
        x: 1, y: 9, fg: Reset, bg: Reset, underline: Reset, modifier: NONE,
        x: 17, y: 9, fg: Green, bg: Reset, underline: Reset, modifier: NONE,
        x: 25, y: 9, fg: Reset, bg: Reset, underline: Reset, modifier: NONE,
        x: 61, y: 9, fg: Reset, bg: Reset, underline: Reset, modifier: DIM,
        x: 1, y: 10, fg: Reset, bg: Reset, underline: Reset, modifier: NONE,
        x: 17, y: 10, fg: Green, bg: Reset, underline: Reset, modifier: NONE,
        x: 25, y: 10, fg: Reset, bg: Reset, underline: Reset, modifier: NONE,
        x: 61, y: 10, fg: Reset, bg: Reset, underline: Reset, modifier: DIM,
        x: 1, y: 11, fg: Reset, bg: Reset, underline: Reset, modifier: NONE,
        x: 61, y: 11, fg: Reset, bg: Reset, underline: Reset, modifier: DIM,
        x: 1, y: 12, fg: Reset, bg: Reset, underline: Reset, modifier: NONE,
        x: 61, y: 12, fg: Reset, bg: Reset, underline: Reset, modifier: DIM,
        x: 1, y: 13, fg: Reset, bg: Reset, underline: Reset, modifier: NONE,
        x: 5, y: 13, fg: Reset, bg: Reset, underline: Reset, modifier: DIM,
        x: 9, y: 13, fg: Reset, bg: Reset, underline: Reset, modifier: NONE,
        x: 11, y: 13, fg: Green, bg: Reset, underline: Reset, modifier: DIM,
        x: 16, y: 13, fg: Reset, bg: Reset, underline: Reset, modifier: NONE,
        x: 18, y: 13, fg: Reset, bg: Reset, underline: Reset, modifier: DIM,
        x: 48, y: 13, fg: Reset, bg: Reset, underline: Reset, modifier: NONE,
        x: 61, y: 13, fg: Reset, bg: Reset, underline: Reset, modifier: DIM,
        x: 1, y: 14, fg: Reset, bg: Reset, underline: Reset, modifier: NONE,
        x: 61, y: 14, fg: Reset, bg: Reset, underline: Reset, modifier: DIM,
        x: 1, y: 15, fg: Reset, bg: Reset, underline: Reset, modifier: NONE,
        x: 61, y: 15, fg: Reset, bg: Reset, underline: Reset, modifier: DIM,
        x: 1, y: 16, fg: Reset, bg: Reset, underline: Reset, modifier: NONE,
        x: 61, y: 16, fg: Reset, bg: Reset, underline: Reset, modifier: DIM,
        x: 1, y: 17, fg: Reset, bg: Reset, underline: Reset, modifier: NONE,
        x: 61, y: 17, fg: Reset, bg: Reset, underline: Reset, modifier: DIM,
        x: 1, y: 18, fg: Reset, bg: Reset, underline: Reset, modifier: NONE,
        x: 61, y: 18, fg: Reset, bg: Reset, underline: Reset, modifier: DIM,
    ]
}
