---
source: tui/src/onboarding/provider_select.rs
expression: "render_snapshot(&s, 86, 20)"
---
Buffer {
    area: Rect { x: 0, y: 0, width: 86, height: 20 },
    content: [
        "┌ ✦ OpenAgere ───────────────────────────────────────────────────────────────────────┐",
        "│                                                                                    │",
        "│  Discover providers (2/6)  including custom providers                              │",
        "│  ────────────────────────────────────────────────────────────────────────────────  │",
        "│                                                                                    │",
        "│  ╭──────────────────────────────────────────────────────────────────────────────╮  │",
        "│  │ ⌕ Search…                                                                    │  │",
        "│  ╰──────────────────────────────────────────────────────────────────────────────╯  │",
        "│                                                                                    │",
        "│      + Add custom provider · custom provider                                       │",
        "│        Create a provider from scratch                                              │",
        "│    ❯ ● openai · active                                                             │",
        "│        https://api.openai.test                                                     │",
        "│      ○ deepseek · missing key                                                      │",
        "│        https://api.deepseek.test                                                   │",
        "│      ● my-custom · saved                                                           │",
        "│        https://api.my-custom.test                                                  │",
        "│      · anthropic · provider template                                               │",
        "│        https://api.anthropic.test                                                  │",
        "└────────────────────────────────────────────────────────────────────────────────────┘",
    ],
    styles: [
        x: 0, y: 0, fg: Reset, bg: Reset, underline: Reset, modifier: DIM,
        x: 2, y: 0, fg: Green, bg: Reset, underline: Reset, modifier: BOLD | DIM,
        x: 13, y: 0, fg: Reset, bg: Reset, underline: Reset, modifier: DIM,
        x: 1, y: 1, fg: Reset, bg: Reset, underline: Reset, modifier: NONE,
        x: 85, y: 1, fg: Reset, bg: Reset, underline: Reset, modifier: DIM,
        x: 1, y: 2, fg: Reset, bg: Reset, underline: Reset, modifier: NONE,
        x: 3, y: 2, fg: Reset, bg: Reset, underline: Reset, modifier: BOLD,
        x: 27, y: 2, fg: Reset, bg: Reset, underline: Reset, modifier: NONE,
        x: 29, y: 2, fg: Reset, bg: Reset, underline: Reset, modifier: DIM,
        x: 55, y: 2, fg: Reset, bg: Reset, underline: Reset, modifier: NONE,
        x: 85, y: 2, fg: Reset, bg: Reset, underline: Reset, modifier: DIM,
        x: 1, y: 3, fg: Reset, bg: Reset, underline: Reset, modifier: NONE,
        x: 3, y: 3, fg: Reset, bg: Reset, underline: Reset, modifier: DIM,
        x: 83, y: 3, fg: Reset, bg: Reset, underline: Reset, modifier: NONE,
        x: 85, y: 3, fg: Reset, bg: Reset, underline: Reset, modifier: DIM,
        x: 1, y: 4, fg: Reset, bg: Reset, underline: Reset, modifier: NONE,
        x: 85, y: 4, fg: Reset, bg: Reset, underline: Reset, modifier: DIM,
        x: 1, y: 5, fg: Reset, bg: Reset, underline: Reset, modifier: NONE,
        x: 3, y: 5, fg: Reset, bg: Reset, underline: Reset, modifier: DIM,
        x: 83, y: 5, fg: Reset, bg: Reset, underline: Reset, modifier: NONE,
        x: 85, y: 5, fg: Reset, bg: Reset, underline: Reset, modifier: DIM,
        x: 1, y: 6, fg: Reset, bg: Reset, underline: Reset, modifier: NONE,
        x: 3, y: 6, fg: Reset, bg: Reset, underline: Reset, modifier: DIM,
        x: 4, y: 6, fg: Cyan, bg: Reset, underline: Reset, modifier: NONE,
        x: 7, y: 6, fg: Reset, bg: Reset, underline: Reset, modifier: DIM,
        x: 14, y: 6, fg: Reset, bg: Reset, underline: Reset, modifier: NONE,
        x: 82, y: 6, fg: Reset, bg: Reset, underline: Reset, modifier: DIM,
        x: 83, y: 6, fg: Reset, bg: Reset, underline: Reset, modifier: NONE,
        x: 85, y: 6, fg: Reset, bg: Reset, underline: Reset, modifier: DIM,
        x: 1, y: 7, fg: Reset, bg: Reset, underline: Reset, modifier: NONE,
        x: 3, y: 7, fg: Reset, bg: Reset, underline: Reset, modifier: DIM,
        x: 83, y: 7, fg: Reset, bg: Reset, underline: Reset, modifier: NONE,
        x: 85, y: 7, fg: Reset, bg: Reset, underline: Reset, modifier: DIM,
        x: 1, y: 8, fg: Reset, bg: Reset, underline: Reset, modifier: NONE,
        x: 85, y: 8, fg: Reset, bg: Reset, underline: Reset, modifier: DIM,
        x: 1, y: 9, fg: Reset, bg: Reset, underline: Reset, modifier: NONE,
        x: 7, y: 9, fg: Cyan, bg: Reset, underline: Reset, modifier: BOLD,
        x: 8, y: 9, fg: Reset, bg: Reset, underline: Reset, modifier: NONE,
        x: 9, y: 9, fg: Cyan, bg: Reset, underline: Reset, modifier: BOLD,
        x: 28, y: 9, fg: Reset, bg: Reset, underline: Reset, modifier: DIM,
        x: 31, y: 9, fg: Cyan, bg: Reset, underline: Reset, modifier: DIM,
        x: 46, y: 9, fg: Reset, bg: Reset, underline: Reset, modifier: NONE,
        x: 85, y: 9, fg: Reset, bg: Reset, underline: Reset, modifier: DIM,
        x: 1, y: 10, fg: Reset, bg: Reset, underline: Reset, modifier: NONE,
        x: 9, y: 10, fg: Reset, bg: Reset, underline: Reset, modifier: DIM,
        x: 39, y: 10, fg: Reset, bg: Reset, underline: Reset, modifier: NONE,
        x: 85, y: 10, fg: Reset, bg: Reset, underline: Reset, modifier: DIM,
        x: 1, y: 11, fg: Reset, bg: Reset, underline: Reset, modifier: NONE,
        x: 5, y: 11, fg: Cyan, bg: Reset, underline: Reset, modifier: BOLD,
        x: 6, y: 11, fg: Reset, bg: Reset, underline: Reset, modifier: NONE,
        x: 7, y: 11, fg: Green, bg: Reset, underline: Reset, modifier: BOLD,
        x: 8, y: 11, fg: Reset, bg: Reset, underline: Reset, modifier: NONE,
        x: 9, y: 11, fg: Green, bg: Reset, underline: Reset, modifier: BOLD,
        x: 15, y: 11, fg: Reset, bg: Reset, underline: Reset, modifier: DIM,
        x: 18, y: 11, fg: Green, bg: Reset, underline: Reset, modifier: DIM,
        x: 24, y: 11, fg: Reset, bg: Reset, underline: Reset, modifier: NONE,
        x: 85, y: 11, fg: Reset, bg: Reset, underline: Reset, modifier: DIM,
        x: 1, y: 12, fg: Reset, bg: Reset, underline: Reset, modifier: NONE,
        x: 9, y: 12, fg: Reset, bg: Reset, underline: Reset, modifier: DIM,
        x: 32, y: 12, fg: Reset, bg: Reset, underline: Reset, modifier: NONE,
        x: 85, y: 12, fg: Reset, bg: Reset, underline: Reset, modifier: DIM,
        x: 1, y: 13, fg: Reset, bg: Reset, underline: Reset, modifier: NONE,
        x: 7, y: 13, fg: Red, bg: Reset, underline: Reset, modifier: NONE,
        x: 8, y: 13, fg: Reset, bg: Reset, underline: Reset, modifier: NONE,
        x: 9, y: 13, fg: Red, bg: Reset, underline: Reset, modifier: NONE,
        x: 17, y: 13, fg: Reset, bg: Reset, underline: Reset, modifier: DIM,
        x: 20, y: 13, fg: Red, bg: Reset, underline: Reset, modifier: DIM,
        x: 31, y: 13, fg: Reset, bg: Reset, underline: Reset, modifier: NONE,
        x: 85, y: 13, fg: Reset, bg: Reset, underline: Reset, modifier: DIM,
        x: 1, y: 14, fg: Reset, bg: Reset, underline: Reset, modifier: NONE,
        x: 9, y: 14, fg: Reset, bg: Reset, underline: Reset, modifier: DIM,
        x: 34, y: 14, fg: Reset, bg: Reset, underline: Reset, modifier: NONE,
        x: 85, y: 14, fg: Reset, bg: Reset, underline: Reset, modifier: DIM,
        x: 1, y: 15, fg: Reset, bg: Reset, underline: Reset, modifier: NONE,
        x: 7, y: 15, fg: Green, bg: Reset, underline: Reset, modifier: NONE,
        x: 8, y: 15, fg: Reset, bg: Reset, underline: Reset, modifier: NONE,
        x: 9, y: 15, fg: Green, bg: Reset, underline: Reset, modifier: NONE,
        x: 18, y: 15, fg: Reset, bg: Reset, underline: Reset, modifier: DIM,
        x: 21, y: 15, fg: Green, bg: Reset, underline: Reset, modifier: DIM,
        x: 26, y: 15, fg: Reset, bg: Reset, underline: Reset, modifier: NONE,
        x: 85, y: 15, fg: Reset, bg: Reset, underline: Reset, modifier: DIM,
        x: 1, y: 16, fg: Reset, bg: Reset, underline: Reset, modifier: NONE,
        x: 9, y: 16, fg: Reset, bg: Reset, underline: Reset, modifier: DIM,
        x: 35, y: 16, fg: Reset, bg: Reset, underline: Reset, modifier: NONE,
        x: 85, y: 16, fg: Reset, bg: Reset, underline: Reset, modifier: DIM,
        x: 1, y: 17, fg: Reset, bg: Reset, underline: Reset, modifier: NONE,
        x: 7, y: 17, fg: Reset, bg: Reset, underline: Reset, modifier: DIM,
        x: 8, y: 17, fg: Reset, bg: Reset, underline: Reset, modifier: NONE,
        x: 18, y: 17, fg: Reset, bg: Reset, underline: Reset, modifier: DIM,
        x: 38, y: 17, fg: Reset, bg: Reset, underline: Reset, modifier: NONE,
        x: 85, y: 17, fg: Reset, bg: Reset, underline: Reset, modifier: DIM,
        x: 1, y: 18, fg: Reset, bg: Reset, underline: Reset, modifier: NONE,
        x: 9, y: 18, fg: Reset, bg: Reset, underline: Reset, modifier: DIM,
        x: 35, y: 18, fg: Reset, bg: Reset, underline: Reset, modifier: NONE,
        x: 85, y: 18, fg: Reset, bg: Reset, underline: Reset, modifier: DIM,
    ]
}
