---
source: tui/src/model_migration.rs
assertion_line: 508
expression: terminal.backend()
---

> Agere just got an upgrade. Introducing gpt-5.4.

  We recommend switching from gpt-5.3 to gpt-5.4.

  Frontier model for complex coding, research, and
  real-world work. Learn more about gpt-5.4 at
  https://openai.com/index/introducing-gpt-5-4

  Press enter to continue
